{
    "extractcoords - stub": {
        "content": [
            {
                "0": [
                    
                ],
                "1": [
                    
                ],
                "2": [
                    
                ],
                "3": [
                    
                ],
                "4": [
                    
                ],
                "5": [
                    [
                        {
                            "id": "test",
                            "single_end": false
                        },
                        "test_concat_SSU_LSU_coords.txt:md5,d41d8cd98f00b204e9800998ecf8427e"
                    ]
                ],
                "6": [
                    "versions.yml:md5,bb41e1add63c9b89d054972d8f663caf"
                ],
                "concat_ssu_lsu_coords": [
                    [
                        {
                            "id": "test",
                            "single_end": false
                        },
                        "test_concat_SSU_LSU_coords.txt:md5,d41d8cd98f00b204e9800998ecf8427e"
                    ]
                ],
                "fiveS_fasta": [
                    
                ],
                "five_eightS_fasta": [
                    
                ],
                "lsu_fasta": [
                    
                ],
                "ncrna_fasta": [
                    
                ],
                "ssu_fasta": [
                    
                ],
                "versions": [
                    "versions.yml:md5,bb41e1add63c9b89d054972d8f663caf"
                ]
            }
        ],
        "meta": {
            "nf-test": "0.9.2",
            "nextflow": "24.10.5"
        },
        "timestamp": "2025-03-21T19:06:25.914889"
    },
    "extractcoords - should take a fasta file and an easel coordinates file and extract two subunit fasta files for the SSU and LSU, and a concatenated SSU and LSU coordinates file": {
        "content": [
            {
                "0": [
                    [
                        {
                            "id": "test",
                            "single_end": false
                        },
                        "test_SSU.fasta:md5,fb23f13526672a300845b767dbc5fd44"
                    ]
                ],
                "1": [
                    
                ],
                "2": [
                    
                ],
                "3": [
                    
                ],
                "4": [
                    
                ],
                "5": [
                    [
                        {
                            "id": "test",
                            "single_end": false
                        },
                        "test_concat_SSU_LSU_coords.txt:md5,401222d263116bb145c1a67e6acc4709"
                    ]
                ],
                "6": [
                    "versions.yml:md5,bb41e1add63c9b89d054972d8f663caf"
                ],
                "concat_ssu_lsu_coords": [
                    [
                        {
                            "id": "test",
                            "single_end": false
                        },
                        "test_concat_SSU_LSU_coords.txt:md5,401222d263116bb145c1a67e6acc4709"
                    ]
                ],
                "fiveS_fasta": [
                    
                ],
                "five_eightS_fasta": [
                    
                ],
                "lsu_fasta": [
                    
                ],
                "ncrna_fasta": [
                    
                ],
                "ssu_fasta": [
                    [
                        {
                            "id": "test",
                            "single_end": false
                        },
                        "test_SSU.fasta:md5,fb23f13526672a300845b767dbc5fd44"
                    ]
                ],
                "versions": [
                    "versions.yml:md5,bb41e1add63c9b89d054972d8f663caf"
                ]
            }
        ],
        "meta": {
            "nf-test": "0.9.2",
            "nextflow": "24.10.5"
        },
        "timestamp": "2025-03-21T19:04:44.828471"
    }
}