{
    "Run MGNIFYPIPELINESTOOLKIT_KRONATXTFROMCATCLASSIFICATION module - test dataset": {
        "content": [
            {
                "0": [
                    [
                        {
                            "id": "test"
                        },
                        "test.krona.txt:md5,62e1bcaac47b979cafb7364cdc48eafa"
                    ]
                ],
                "1": [
                    "versions.yml:md5,187d47b1098964f9569722bf6572138c"
                ],
                "krona_txt": [
                    [
                        {
                            "id": "test"
                        },
                        "test.krona.txt:md5,62e1bcaac47b979cafb7364cdc48eafa"
                    ]
                ],
                "versions": [
                    "versions.yml:md5,187d47b1098964f9569722bf6572138c"
                ]
            }
        ],
        "meta": {
            "nf-test": "0.9.2",
            "nextflow": "24.10.5"
        },
        "timestamp": "2025-03-27T22:24:30.725629"
    },
    "Run MGNIFYPIPELINESTOOLKIT_KRONATXTFROMCATCLASSIFICATION module - stub": {
        "content": [
            {
                "0": [
                    [
                        {
                            "id": "test"
                        },
                        "test.krona.txt:md5,d41d8cd98f00b204e9800998ecf8427e"
                    ]
                ],
                "1": [
                    "versions.yml:md5,187d47b1098964f9569722bf6572138c"
                ],
                "krona_txt": [
                    [
                        {
                            "id": "test"
                        },
                        "test.krona.txt:md5,d41d8cd98f00b204e9800998ecf8427e"
                    ]
                ],
                "versions": [
                    "versions.yml:md5,187d47b1098964f9569722bf6572138c"
                ]
            }
        ],
        "meta": {
            "nf-test": "0.9.2",
            "nextflow": "24.10.5"
        },
        "timestamp": "2025-03-27T22:24:33.264533"
    }
}