{
    "mapseq2biom_output_krona": {
        "content": [
            true
        ],
        "meta": {
            "nf-test": "0.8.4",
            "nextflow": "23.04.3"
        },
        "timestamp": "2024-04-18T12:06:53.987371352"
    },
    "mapseq2biom_output_biom": {
        "content": [
            true
        ],
        "meta": {
            "nf-test": "0.8.4",
            "nextflow": "23.04.3"
        },
        "timestamp": "2024-04-18T12:06:54.014873914"
    },
    "mapseq_output": {
        "content": [
            false
        ],
        "meta": {
            "nf-test": "0.9.3",
            "nextflow": "25.04.8"
        },
        "timestamp": "2025-10-21T15:02:21.978283709"
    },
    "mapseq2biom_output_biom_notaxid": {
        "content": [
            true
        ],
        "meta": {
            "nf-test": "0.8.4",
            "nextflow": "23.04.3"
        },
        "timestamp": "2024-04-18T12:06:54.025478915"
    },
    "krona_output": {
        "content": [
            true
        ],
        "meta": {
            "nf-test": "0.8.4",
            "nextflow": "23.04.3"
        },
        "timestamp": "2024-04-18T12:06:54.050582264"
    }
}