{
    "test_rrna_extraction": {
        "content": [
            {
                "0": [
                    [
                        {
                            "id": "test",
                            "single_end": false
                        },
                        "test.tblout.deoverlapped:md5,2ff422ba8581127bc95262d9751dbcba"
                    ]
                ],
                "1": [
                    [
                        {
                            "id": "test",
                            "single_end": false
                        },
                        "test_easel_coords.fasta:md5,fb23f13526672a300845b767dbc5fd44"
                    ]
                ],
                "2": [
                    [
                        {
                            "id": "test",
                            "single_end": false
                        },
                        "test_SSU.fasta:md5,fb23f13526672a300845b767dbc5fd44"
                    ]
                ],
                "3": [
                    
                ],
                "4": [
                    [
                        {
                            "id": "test",
                            "single_end": false
                        },
                        "test_concat_SSU_LSU_coords.txt:md5,401222d263116bb145c1a67e6acc4709"
                    ]
                ],
                "5": [
                    "versions.yml:md5,1cd8a1b942aaba58bd5d6ab9c4f3f9b2",
                    "versions.yml:md5,986b50b86874f29db48120870f7ac4f6",
                    "versions.yml:md5,a83addcfaf303617fdda5c6a5958a5ad",
                    "versions.yml:md5,d1294ff919ea50bc3a41ddc5a88ab3de"
                ],
                "cmsearch_deoverlap_out": [
                    [
                        {
                            "id": "test",
                            "single_end": false
                        },
                        "test.tblout.deoverlapped:md5,2ff422ba8581127bc95262d9751dbcba"
                    ]
                ],
                "concat_ssu_lsu_coords": [
                    [
                        {
                            "id": "test",
                            "single_end": false
                        },
                        "test_concat_SSU_LSU_coords.txt:md5,401222d263116bb145c1a67e6acc4709"
                    ]
                ],
                "easel_out": [
                    [
                        {
                            "id": "test",
                            "single_end": false
                        },
                        "test_easel_coords.fasta:md5,fb23f13526672a300845b767dbc5fd44"
                    ]
                ],
                "lsu_fasta": [
                    
                ],
                "ssu_fasta": [
                    [
                        {
                            "id": "test",
                            "single_end": false
                        },
                        "test_SSU.fasta:md5,fb23f13526672a300845b767dbc5fd44"
                    ]
                ],
                "versions": [
                    "versions.yml:md5,1cd8a1b942aaba58bd5d6ab9c4f3f9b2",
                    "versions.yml:md5,986b50b86874f29db48120870f7ac4f6",
                    "versions.yml:md5,a83addcfaf303617fdda5c6a5958a5ad",
                    "versions.yml:md5,d1294ff919ea50bc3a41ddc5a88ab3de"
                ]
            }
        ],
        "meta": {
            "nf-test": "0.9.2",
            "nextflow": "25.04.7"
        },
        "timestamp": "2025-10-06T09:16:39.686196"
    }
}