{
    "combinedgenecaller merge without a maskfile": {
        "content": [
            {
                "0": [
                    [
                        {
                            "id": "test",
                            "single_end": false
                        },
                        "test.faa.gz:md5,85bd33338eebe4c7f6a49121fe1b839c"
                    ]
                ],
                "1": [
                    [
                        {
                            "id": "test",
                            "single_end": false
                        },
                        "test.ffn.gz:md5,dbe4300ce254687e182d89b94759c5f4"
                    ]
                ],
                "2": [
                    [
                        {
                            "id": "test",
                            "single_end": false
                        },
                        "test.gff.gz:md5,774a5966f0cef53d3b17d4b5f432128e"
                    ]
                ],
                "3": [
                    "versions.yml:md5,5aace80836214ecd3bdc321f7df46387"
                ],
                "faa": [
                    [
                        {
                            "id": "test",
                            "single_end": false
                        },
                        "test.faa.gz:md5,85bd33338eebe4c7f6a49121fe1b839c"
                    ]
                ],
                "ffn": [
                    [
                        {
                            "id": "test",
                            "single_end": false
                        },
                        "test.ffn.gz:md5,dbe4300ce254687e182d89b94759c5f4"
                    ]
                ],
                "gff": [
                    [
                        {
                            "id": "test",
                            "single_end": false
                        },
                        "test.gff.gz:md5,774a5966f0cef53d3b17d4b5f432128e"
                    ]
                ],
                "versions": [
                    "versions.yml:md5,5aace80836214ecd3bdc321f7df46387"
                ]
            }
        ],
        "meta": {
            "nf-test": "0.9.2",
            "nextflow": "24.10.5"
        },
        "timestamp": "2025-03-18T14:36:15.244102"
    },
    "combinedgenecaller merge with a maskfile": {
        "content": [
            {
                "0": [
                    [
                        {
                            "id": "test",
                            "single_end": false
                        },
                        "test.faa.gz:md5,85bd33338eebe4c7f6a49121fe1b839c"
                    ]
                ],
                "1": [
                    [
                        {
                            "id": "test",
                            "single_end": false
                        },
                        "test.ffn.gz:md5,dbe4300ce254687e182d89b94759c5f4"
                    ]
                ],
                "2": [
                    [
                        {
                            "id": "test",
                            "single_end": false
                        },
                        "test.gff.gz:md5,774a5966f0cef53d3b17d4b5f432128e"
                    ]
                ],
                "3": [
                    "versions.yml:md5,5aace80836214ecd3bdc321f7df46387"
                ],
                "faa": [
                    [
                        {
                            "id": "test",
                            "single_end": false
                        },
                        "test.faa.gz:md5,85bd33338eebe4c7f6a49121fe1b839c"
                    ]
                ],
                "ffn": [
                    [
                        {
                            "id": "test",
                            "single_end": false
                        },
                        "test.ffn.gz:md5,dbe4300ce254687e182d89b94759c5f4"
                    ]
                ],
                "gff": [
                    [
                        {
                            "id": "test",
                            "single_end": false
                        },
                        "test.gff.gz:md5,774a5966f0cef53d3b17d4b5f432128e"
                    ]
                ],
                "versions": [
                    "versions.yml:md5,5aace80836214ecd3bdc321f7df46387"
                ]
            }
        ],
        "meta": {
            "nf-test": "0.9.2",
            "nextflow": "24.10.5"
        },
        "timestamp": "2025-03-18T14:37:44.902928"
    }
}