{
    "test - fa_tsv": {
        "content": [
            {
                "0": [
                    [
                        {
                            "id": "test",
                            "single_end": false
                        },
                        "test.fa:md5,6a1a7e2dd32dfcc75c657d68191e675b"
                    ]
                ],
                "1": [
                    "versions.yml:md5,285ddd6be0ed62527fe62fde1df82bf4"
                ],
                "out_fa": [
                    [
                        {
                            "id": "test",
                            "single_end": false
                        },
                        "test.fa:md5,6a1a7e2dd32dfcc75c657d68191e675b"
                    ]
                ],
                "versions": [
                    "versions.yml:md5,285ddd6be0ed62527fe62fde1df82bf4"
                ]
            }
        ],
        "meta": {
            "nf-test": "0.9.2",
            "nextflow": "25.04.6"
        },
        "timestamp": "2025-09-10T19:00:55.632137"
    },
    "test - faa_fasta - stub": {
        "content": [
            {
                "0": [
                    [
                        {
                            "id": "test",
                            "single_end": false
                        },
                        "test.fa:md5,d41d8cd98f00b204e9800998ecf8427e"
                    ]
                ],
                "1": [
                    "versions.yml:md5,285ddd6be0ed62527fe62fde1df82bf4"
                ],
                "out_fa": [
                    [
                        {
                            "id": "test",
                            "single_end": false
                        },
                        "test.fa:md5,d41d8cd98f00b204e9800998ecf8427e"
                    ]
                ],
                "versions": [
                    "versions.yml:md5,285ddd6be0ed62527fe62fde1df82bf4"
                ]
            }
        ],
        "meta": {
            "nf-test": "0.9.0",
            "nextflow": "23.04.5"
        },
        "timestamp": "2024-10-18T10:04:25.241190676"
    }
}