{
    "test_interproscan": {
        "content": [
            {
                "0": [
                    [
                        {
                            "id": "test",
                            "single_end": false
                        },
                        "test.tsv.gz:md5,1a3983f24f0018d9c1515fe91a1a7237"
                    ]
                ],
                "1": [
                    [
                        {
                            "id": "test",
                            "single_end": false
                        },
                        "test.xml.gz:md5,85b6e298f4853070ee4014301c07150f"
                    ]
                ],
                "2": [
                    [
                        {
                            "id": "test",
                            "single_end": false
                        },
                        "test.gff3.gz:md5,964c009c6a5b22edecc336efcd6ca5bd"
                    ]
                ],
                "3": [
                    [
                        {
                            "id": "test",
                            "single_end": false
                        },
                        "test.json.gz:md5,8c91c66a974f22b5bff02019b6529229"
                    ]
                ],
                "4": [
                    "versions.yml:md5,7f61cf700565d5b1ab2ca54b0b72fc71"
                ],
                "gff3": [
                    [
                        {
                            "id": "test",
                            "single_end": false
                        },
                        "test.gff3.gz:md5,964c009c6a5b22edecc336efcd6ca5bd"
                    ]
                ],
                "json": [
                    [
                        {
                            "id": "test",
                            "single_end": false
                        },
                        "test.json.gz:md5,8c91c66a974f22b5bff02019b6529229"
                    ]
                ],
                "tsv": [
                    [
                        {
                            "id": "test",
                            "single_end": false
                        },
                        "test.tsv.gz:md5,1a3983f24f0018d9c1515fe91a1a7237"
                    ]
                ],
                "versions": [
                    "versions.yml:md5,7f61cf700565d5b1ab2ca54b0b72fc71"
                ],
                "xml": [
                    [
                        {
                            "id": "test",
                            "single_end": false
                        },
                        "test.xml.gz:md5,85b6e298f4853070ee4014301c07150f"
                    ]
                ]
            }
        ],
        "meta": {
            "nf-test": "0.9.2",
            "nextflow": "24.10.4"
        },
        "timestamp": "2025-03-04T21:52:55.725908"
    }
}