{
    "test_reads_fail_seqfu": {
        "content": [
            [
                [
                    {
                        "id": "ERR4674038",
                        "single_end": false
                    },
                    "ERR4674038.tsv:md5,3aa17b2bca2980dbaad41ba5e54c0b44"
                ],
                [
                    {
                        "id": "SRR21814853",
                        "single_end": false
                    },
                    "SRR21814853.tsv:md5,008673dad4dd80a742cc11669f24d6e8"
                ]
            ],
            [
                [
                    {
                        "id": "SRR21814853",
                        "single_end": false
                    },
                    "SRR21814853_suffix_header_err.json:md5,d41d8cd98f00b204e9800998ecf8427e"
                ]
            ],
            [
                [
                    {
                        "id": "SRR21814853",
                        "single_end": false
                    },
                    "AMPLICON"
                ]
            ],
            [
                [
                    {
                        "id": "SRR21814853",
                        "single_end": false
                    },
                    [
                        "SRR21814853_1.fastp.fastq.gz:md5,ab81a64d069ed8876432d8e3bad0b847",
                        "SRR21814853_2.fastp.fastq.gz:md5,f8bf866d116205baa454b7a501a67b62"
                    ]
                ]
            ],
            [
                [
                    {
                        "id": "SRR21814853",
                        "single_end": false
                    },
                    "SRR21814853.merged.fastq.gz:md5,58ededca56f023aa625f51ec241ba849"
                ]
            ],
            [
                [
                    {
                        "id": "SRR21814853",
                        "single_end": false
                    },
                    "SRR21814853.fastp.json:md5,f2fa2740350c702e0f7d6adec47858c4"
                ]
            ],
            [
                [
                    {
                        "id": "SRR21814853",
                        "single_end": false
                    },
                    "SRR21814853.seqtk-seq.fasta.gz:md5,a14b76b1e8c24d3f9d98e61d03a62a53"
                ]
            ],
            [
                {
                    "READS_QC:LIBRARYSTRATEGYCHECK": {
                        "mgnify-pipelines-toolkit": "1.2.1"
                    }
                },
                {
                    "READS_QC:PIMENTO_GENERATEBCV": {
                        "mi-pimento": "1.0.2"
                    }
                },
                {
                    "READS_QC:SEQFU_CHECK": {
                        "seqfu": "1.20.3"
                    }
                },
                {
                    "READS_QC:SEQTK_SEQ": {
                        "seqtk": "1.3-r106"
                    }
                },
                {
                    "READS_QC:FASTQSUFFIXHEADERCHECK": {
                        "mgnify-pipelines-toolkit": "1.2.11"
                    }
                },
                {
                    "READS_QC:FASTP": {
                        "fastp": "0.23.4"
                    }
                }
            ]
        ],
        "meta": {
            "nf-test": "0.9.2",
            "nextflow": "25.04.7"
        },
        "timestamp": "2025-10-06T12:19:42.502928"
    },
    "test_reads_onlyfail": {
        "content": [
            [
                [
                    {
                        "id": "ERR4674038",
                        "single_end": false
                    },
                    "ERR4674038.tsv:md5,e56475d0fee9cdc4fb3eda621f924af9"
                ]
            ],
            [
                [
                    {
                        "id": "ERR4674038",
                        "single_end": false
                    },
                    "ERR4674038_suffix_header_err.json:md5,735222eb9c22d4d81b312a9682d55679"
                ]
            ],
            [
                
            ],
            [
                
            ],
            [
                
            ],
            [
                
            ],
            [
                
            ],
            [
                {
                    "READS_QC:SEQFU_CHECK": {
                        "seqfu": "1.20.3"
                    }
                },
                {
                    "READS_QC:FASTQSUFFIXHEADERCHECK": {
                        "mgnify-pipelines-toolkit": "1.2.11"
                    }
                }
            ]
        ],
        "meta": {
            "nf-test": "0.9.2",
            "nextflow": "25.04.7"
        },
        "timestamp": "2025-10-06T12:20:24.053887"
    },
    "test_reads_qc_success": {
        "content": [
            [
                [
                    {
                        "id": "SRR21814853",
                        "single_end": false
                    },
                    "SRR21814853.tsv:md5,008673dad4dd80a742cc11669f24d6e8"
                ]
            ],
            [
                [
                    {
                        "id": "SRR21814853",
                        "single_end": false
                    },
                    "SRR21814853_suffix_header_err.json:md5,d41d8cd98f00b204e9800998ecf8427e"
                ]
            ],
            [
                [
                    {
                        "id": "SRR21814853",
                        "single_end": false
                    },
                    "AMPLICON"
                ]
            ],
            [
                [
                    {
                        "id": "SRR21814853",
                        "single_end": false
                    },
                    [
                        "SRR21814853_1.fastp.fastq.gz:md5,ab81a64d069ed8876432d8e3bad0b847",
                        "SRR21814853_2.fastp.fastq.gz:md5,f8bf866d116205baa454b7a501a67b62"
                    ]
                ]
            ],
            [
                [
                    {
                        "id": "SRR21814853",
                        "single_end": false
                    },
                    "SRR21814853.merged.fastq.gz:md5,58ededca56f023aa625f51ec241ba849"
                ]
            ],
            [
                [
                    {
                        "id": "SRR21814853",
                        "single_end": false
                    },
                    "SRR21814853.fastp.json:md5,f2fa2740350c702e0f7d6adec47858c4"
                ]
            ],
            [
                [
                    {
                        "id": "SRR21814853",
                        "single_end": false
                    },
                    "SRR21814853.seqtk-seq.fasta.gz:md5,a14b76b1e8c24d3f9d98e61d03a62a53"
                ]
            ],
            [
                {
                    "READS_QC:LIBRARYSTRATEGYCHECK": {
                        "mgnify-pipelines-toolkit": "1.2.1"
                    }
                },
                {
                    "READS_QC:PIMENTO_GENERATEBCV": {
                        "mi-pimento": "1.0.2"
                    }
                },
                {
                    "READS_QC:SEQFU_CHECK": {
                        "seqfu": "1.20.3"
                    }
                },
                {
                    "READS_QC:SEQTK_SEQ": {
                        "seqtk": "1.3-r106"
                    }
                },
                {
                    "READS_QC:FASTQSUFFIXHEADERCHECK": {
                        "mgnify-pipelines-toolkit": "1.2.11"
                    }
                },
                {
                    "READS_QC:FASTP": {
                        "fastp": "0.23.4"
                    }
                }
            ]
        ],
        "meta": {
            "nf-test": "0.9.2",
            "nextflow": "25.04.7"
        },
        "timestamp": "2025-10-06T12:19:12.386777"
    },
    "test_reads_fail_suffixheader": {
        "content": [
            [
                [
                    {
                        "id": "ERR4674038",
                        "single_end": false
                    },
                    "ERR4674038.tsv:md5,e56475d0fee9cdc4fb3eda621f924af9"
                ],
                [
                    {
                        "id": "SRR21814853",
                        "single_end": false
                    },
                    "SRR21814853.tsv:md5,008673dad4dd80a742cc11669f24d6e8"
                ]
            ],
            [
                [
                    {
                        "id": "ERR4674038",
                        "single_end": false
                    },
                    "ERR4674038_suffix_header_err.json:md5,735222eb9c22d4d81b312a9682d55679"
                ],
                [
                    {
                        "id": "SRR21814853",
                        "single_end": false
                    },
                    "SRR21814853_suffix_header_err.json:md5,d41d8cd98f00b204e9800998ecf8427e"
                ]
            ],
            [
                [
                    {
                        "id": "SRR21814853",
                        "single_end": false
                    },
                    "AMPLICON"
                ]
            ],
            [
                [
                    {
                        "id": "SRR21814853",
                        "single_end": false
                    },
                    [
                        "SRR21814853_1.fastp.fastq.gz:md5,ab81a64d069ed8876432d8e3bad0b847",
                        "SRR21814853_2.fastp.fastq.gz:md5,f8bf866d116205baa454b7a501a67b62"
                    ]
                ]
            ],
            [
                [
                    {
                        "id": "SRR21814853",
                        "single_end": false
                    },
                    "SRR21814853.merged.fastq.gz:md5,58ededca56f023aa625f51ec241ba849"
                ]
            ],
            [
                [
                    {
                        "id": "SRR21814853",
                        "single_end": false
                    },
                    "SRR21814853.fastp.json:md5,f2fa2740350c702e0f7d6adec47858c4"
                ]
            ],
            [
                [
                    {
                        "id": "SRR21814853",
                        "single_end": false
                    },
                    "SRR21814853.seqtk-seq.fasta.gz:md5,a14b76b1e8c24d3f9d98e61d03a62a53"
                ]
            ],
            [
                {
                    "READS_QC:LIBRARYSTRATEGYCHECK": {
                        "mgnify-pipelines-toolkit": "1.2.1"
                    }
                },
                {
                    "READS_QC:PIMENTO_GENERATEBCV": {
                        "mi-pimento": "1.0.2"
                    }
                },
                {
                    "READS_QC:SEQFU_CHECK": {
                        "seqfu": "1.20.3"
                    }
                },
                {
                    "READS_QC:SEQTK_SEQ": {
                        "seqtk": "1.3-r106"
                    }
                },
                {
                    "READS_QC:FASTQSUFFIXHEADERCHECK": {
                        "mgnify-pipelines-toolkit": "1.2.11"
                    }
                },
                {
                    "READS_QC:FASTP": {
                        "fastp": "0.23.4"
                    }
                }
            ]
        ],
        "meta": {
            "nf-test": "0.9.2",
            "nextflow": "25.04.7"
        },
        "timestamp": "2025-10-06T12:20:11.608794"
    },
    "test_reads_qc_notamplicon": {
        "content": [
            [
                [
                    {
                        "id": "SRR21814853",
                        "single_end": false
                    },
                    "SRR21814853.tsv:md5,008673dad4dd80a742cc11669f24d6e8"
                ]
            ],
            [
                [
                    {
                        "id": "SRR21814853",
                        "single_end": false
                    },
                    "SRR21814853_suffix_header_err.json:md5,d41d8cd98f00b204e9800998ecf8427e"
                ]
            ],
            [
                
            ],
            [
                [
                    {
                        "id": "SRR21814853",
                        "single_end": false
                    },
                    [
                        "SRR21814853_1.fastp.fastq.gz:md5,ab81a64d069ed8876432d8e3bad0b847",
                        "SRR21814853_2.fastp.fastq.gz:md5,f8bf866d116205baa454b7a501a67b62"
                    ]
                ]
            ],
            [
                [
                    {
                        "id": "SRR21814853",
                        "single_end": false
                    },
                    "SRR21814853.merged.fastq.gz:md5,58ededca56f023aa625f51ec241ba849"
                ]
            ],
            [
                [
                    {
                        "id": "SRR21814853",
                        "single_end": false
                    },
                    "SRR21814853.fastp.json:md5,f2fa2740350c702e0f7d6adec47858c4"
                ]
            ],
            [
                [
                    {
                        "id": "SRR21814853",
                        "single_end": false
                    },
                    "SRR21814853.seqtk-seq.fasta.gz:md5,a14b76b1e8c24d3f9d98e61d03a62a53"
                ]
            ],
            [
                {
                    "READS_QC:SEQFU_CHECK": {
                        "seqfu": "1.20.3"
                    }
                },
                {
                    "READS_QC:SEQTK_SEQ": {
                        "seqtk": "1.3-r106"
                    }
                },
                {
                    "READS_QC:FASTQSUFFIXHEADERCHECK": {
                        "mgnify-pipelines-toolkit": "1.2.11"
                    }
                },
                {
                    "READS_QC:FASTP": {
                        "fastp": "0.23.4"
                    }
                }
            ]
        ],
        "meta": {
            "nf-test": "0.9.2",
            "nextflow": "25.04.7"
        },
        "timestamp": "2025-10-06T12:20:45.764059"
    }
}